{
  "timestamp": "2025-06-10T15:39:48.572Z",
  "platform": "darwin",
  "node_version": "v20.13.1",
  "results": {
    "portraits": {
      "processed": 9,
      "failed": 0,
      "avg_processing_time_ms": 2909.452935111111,
      "peak_memory_mb": 0.08049774169921875,
      "total_processing_time": 26185.076416,
      "images": {
        "portrait_action_motion.jpg": {
          "success": true,
          "processing_time_ms": 3572.3673329999997,
          "memory_usage_mb": 0,
          "output_files": [
            "portrait_action_motion.png",
            "portrait_action_motion.jpg",
            "portrait_action_motion.webp",
            "js_portrait_action_motion_mask.png"
          ],
          "outputs": {
            "png": "/Users/danielhauschildt/Developers/Labs/agents/projects/remove_background_prompt/tests/assets/expected/javascript_output/portrait_action_motion.png",
            "jpeg": "/Users/danielhauschildt/Developers/Labs/agents/projects/remove_background_prompt/tests/assets/expected/javascript_output/portrait_action_motion.jpg",
            "webp": "/Users/danielhauschildt/Developers/Labs/agents/projects/remove_background_prompt/tests/assets/expected/javascript_output/portrait_action_motion.webp",
            "mask": "/Users/danielhauschildt/Developers/Labs/agents/projects/remove_background_prompt/tests/assets/expected/masks/js_portrait_action_motion_mask.png"
          }
        },
        "portrait_fine_hair_details.jpg": {
          "success": true,
          "processing_time_ms": 3191.0187079999996,
          "memory_usage_mb": 0,
          "output_files": [
            "portrait_fine_hair_details.png",
            "portrait_fine_hair_details.jpg",
            "portrait_fine_hair_details.webp",
            "js_portrait_fine_hair_details_mask.png"
          ],
          "outputs": {
            "png": "/Users/danielhauschildt/Developers/Labs/agents/projects/remove_background_prompt/tests/assets/expected/javascript_output/portrait_fine_hair_details.png",
            "jpeg": "/Users/danielhauschildt/Developers/Labs/agents/projects/remove_background_prompt/tests/assets/expected/javascript_output/portrait_fine_hair_details.jpg",
            "webp": "/Users/danielhauschildt/Developers/Labs/agents/projects/remove_background_prompt/tests/assets/expected/javascript_output/portrait_fine_hair_details.webp",
            "mask": "/Users/danielhauschildt/Developers/Labs/agents/projects/remove_background_prompt/tests/assets/expected/masks/js_portrait_fine_hair_details_mask.png"
          }
        },
        "portrait_low_contrast.jpg": {
          "success": true,
          "processing_time_ms": 2938.166916000001,
          "memory_usage_mb": 0.02639007568359375,
          "output_files": [
            "portrait_low_contrast.png",
            "portrait_low_contrast.jpg",
            "portrait_low_contrast.webp",
            "js_portrait_low_contrast_mask.png"
          ],
          "outputs": {
            "png": "/Users/danielhauschildt/Developers/Labs/agents/projects/remove_background_prompt/tests/assets/expected/javascript_output/portrait_low_contrast.png",
            "jpeg": "/Users/danielhauschildt/Developers/Labs/agents/projects/remove_background_prompt/tests/assets/expected/javascript_output/portrait_low_contrast.jpg",
            "webp": "/Users/danielhauschildt/Developers/Labs/agents/projects/remove_background_prompt/tests/assets/expected/javascript_output/portrait_low_contrast.webp",
            "mask": "/Users/danielhauschildt/Developers/Labs/agents/projects/remove_background_prompt/tests/assets/expected/masks/js_portrait_low_contrast_mask.png"
          }
        },
        "portrait_multiple_people.jpg": {
          "success": true,
          "processing_time_ms": 2519.5107499999995,
          "memory_usage_mb": 0,
          "output_files": [
            "portrait_multiple_people.png",
            "portrait_multiple_people.jpg",
            "portrait_multiple_people.webp",
            "js_portrait_multiple_people_mask.png"
          ],
          "outputs": {
            "png": "/Users/danielhauschildt/Developers/Labs/agents/projects/remove_background_prompt/tests/assets/expected/javascript_output/portrait_multiple_people.png",
            "jpeg": "/Users/danielhauschildt/Developers/Labs/agents/projects/remove_background_prompt/tests/assets/expected/javascript_output/portrait_multiple_people.jpg",
            "webp": "/Users/danielhauschildt/Developers/Labs/agents/projects/remove_background_prompt/tests/assets/expected/javascript_output/portrait_multiple_people.webp",
            "mask": "/Users/danielhauschildt/Developers/Labs/agents/projects/remove_background_prompt/tests/assets/expected/masks/js_portrait_multiple_people_mask.png"
          }
        },
        "portrait_outdoor_natural.jpg": {
          "success": true,
          "processing_time_ms": 2708.7327910000004,
          "memory_usage_mb": 0,
          "output_files": [
            "portrait_outdoor_natural.png",
            "portrait_outdoor_natural.jpg",
            "portrait_outdoor_natural.webp",
            "js_portrait_outdoor_natural_mask.png"
          ],
          "outputs": {
            "png": "/Users/danielhauschildt/Developers/Labs/agents/projects/remove_background_prompt/tests/assets/expected/javascript_output/portrait_outdoor_natural.png",
            "jpeg": "/Users/danielhauschildt/Developers/Labs/agents/projects/remove_background_prompt/tests/assets/expected/javascript_output/portrait_outdoor_natural.jpg",
            "webp": "/Users/danielhauschildt/Developers/Labs/agents/projects/remove_background_prompt/tests/assets/expected/javascript_output/portrait_outdoor_natural.webp",
            "mask": "/Users/danielhauschildt/Developers/Labs/agents/projects/remove_background_prompt/tests/assets/expected/masks/js_portrait_outdoor_natural_mask.png"
          }
        },
        "portrait_partial_figure.jpg": {
          "success": true,
          "processing_time_ms": 3223.8428750000003,
          "memory_usage_mb": 0.08049774169921875,
          "output_files": [
            "portrait_partial_figure.png",
            "portrait_partial_figure.jpg",
            "portrait_partial_figure.webp",
            "js_portrait_partial_figure_mask.png"
          ],
          "outputs": {
            "png": "/Users/danielhauschildt/Developers/Labs/agents/projects/remove_background_prompt/tests/assets/expected/javascript_output/portrait_partial_figure.png",
            "jpeg": "/Users/danielhauschildt/Developers/Labs/agents/projects/remove_background_prompt/tests/assets/expected/javascript_output/portrait_partial_figure.jpg",
            "webp": "/Users/danielhauschildt/Developers/Labs/agents/projects/remove_background_prompt/tests/assets/expected/javascript_output/portrait_partial_figure.webp",
            "mask": "/Users/danielhauschildt/Developers/Labs/agents/projects/remove_background_prompt/tests/assets/expected/masks/js_portrait_partial_figure_mask.png"
          }
        },
        "portrait_side_profile.jpg": {
          "success": true,
          "processing_time_ms": 2442.1334590000006,
          "memory_usage_mb": 0,
          "output_files": [
            "portrait_side_profile.png",
            "portrait_side_profile.jpg",
            "portrait_side_profile.webp",
            "js_portrait_side_profile_mask.png"
          ],
          "outputs": {
            "png": "/Users/danielhauschildt/Developers/Labs/agents/projects/remove_background_prompt/tests/assets/expected/javascript_output/portrait_side_profile.png",
            "jpeg": "/Users/danielhauschildt/Developers/Labs/agents/projects/remove_background_prompt/tests/assets/expected/javascript_output/portrait_side_profile.jpg",
            "webp": "/Users/danielhauschildt/Developers/Labs/agents/projects/remove_background_prompt/tests/assets/expected/javascript_output/portrait_side_profile.webp",
            "mask": "/Users/danielhauschildt/Developers/Labs/agents/projects/remove_background_prompt/tests/assets/expected/masks/js_portrait_side_profile_mask.png"
          }
        },
        "portrait_single_simple_bg.jpg": {
          "success": true,
          "processing_time_ms": 2867.518959000001,
          "memory_usage_mb": 0,
          "output_files": [
            "portrait_single_simple_bg.png",
            "portrait_single_simple_bg.jpg",
            "portrait_single_simple_bg.webp",
            "js_portrait_single_simple_bg_mask.png"
          ],
          "outputs": {
            "png": "/Users/danielhauschildt/Developers/Labs/agents/projects/remove_background_prompt/tests/assets/expected/javascript_output/portrait_single_simple_bg.png",
            "jpeg": "/Users/danielhauschildt/Developers/Labs/agents/projects/remove_background_prompt/tests/assets/expected/javascript_output/portrait_single_simple_bg.jpg",
            "webp": "/Users/danielhauschildt/Developers/Labs/agents/projects/remove_background_prompt/tests/assets/expected/javascript_output/portrait_single_simple_bg.webp",
            "mask": "/Users/danielhauschildt/Developers/Labs/agents/projects/remove_background_prompt/tests/assets/expected/masks/js_portrait_single_simple_bg_mask.png"
          }
        },
        "portrait_studio_lighting.jpg": {
          "success": true,
          "processing_time_ms": 2721.7846250000002,
          "memory_usage_mb": 0,
          "output_files": [
            "portrait_studio_lighting.png",
            "portrait_studio_lighting.jpg",
            "portrait_studio_lighting.webp",
            "js_portrait_studio_lighting_mask.png"
          ],
          "outputs": {
            "png": "/Users/danielhauschildt/Developers/Labs/agents/projects/remove_background_prompt/tests/assets/expected/javascript_output/portrait_studio_lighting.png",
            "jpeg": "/Users/danielhauschildt/Developers/Labs/agents/projects/remove_background_prompt/tests/assets/expected/javascript_output/portrait_studio_lighting.jpg",
            "webp": "/Users/danielhauschildt/Developers/Labs/agents/projects/remove_background_prompt/tests/assets/expected/javascript_output/portrait_studio_lighting.webp",
            "mask": "/Users/danielhauschildt/Developers/Labs/agents/projects/remove_background_prompt/tests/assets/expected/masks/js_portrait_studio_lighting_mask.png"
          }
        }
      }
    },
    "products": {
      "processed": 8,
      "failed": 0,
      "avg_processing_time_ms": 2696.1806509999983,
      "peak_memory_mb": 0.2089080810546875,
      "total_processing_time": 21569.445207999986,
      "images": {
        "product_accessories_glass.jpg": {
          "success": true,
          "processing_time_ms": 2448.980625,
          "memory_usage_mb": 0,
          "output_files": [
            "product_accessories_glass.png",
            "product_accessories_glass.jpg",
            "product_accessories_glass.webp",
            "js_product_accessories_glass_mask.png"
          ],
          "outputs": {
            "png": "/Users/danielhauschildt/Developers/Labs/agents/projects/remove_background_prompt/tests/assets/expected/javascript_output/product_accessories_glass.png",
            "jpeg": "/Users/danielhauschildt/Developers/Labs/agents/projects/remove_background_prompt/tests/assets/expected/javascript_output/product_accessories_glass.jpg",
            "webp": "/Users/danielhauschildt/Developers/Labs/agents/projects/remove_background_prompt/tests/assets/expected/javascript_output/product_accessories_glass.webp",
            "mask": "/Users/danielhauschildt/Developers/Labs/agents/projects/remove_background_prompt/tests/assets/expected/masks/js_product_accessories_glass_mask.png"
          }
        },
        "product_clothing_transparent.jpg": {
          "success": true,
          "processing_time_ms": 2556.7653339999997,
          "memory_usage_mb": 0,
          "output_files": [
            "product_clothing_transparent.png",
            "product_clothing_transparent.jpg",
            "product_clothing_transparent.webp",
            "js_product_clothing_transparent_mask.png"
          ],
          "outputs": {
            "png": "/Users/danielhauschildt/Developers/Labs/agents/projects/remove_background_prompt/tests/assets/expected/javascript_output/product_clothing_transparent.png",
            "jpeg": "/Users/danielhauschildt/Developers/Labs/agents/projects/remove_background_prompt/tests/assets/expected/javascript_output/product_clothing_transparent.jpg",
            "webp": "/Users/danielhauschildt/Developers/Labs/agents/projects/remove_background_prompt/tests/assets/expected/javascript_output/product_clothing_transparent.webp",
            "mask": "/Users/danielhauschildt/Developers/Labs/agents/projects/remove_background_prompt/tests/assets/expected/masks/js_product_clothing_transparent_mask.png"
          }
        },
        "product_clothing_white_bg.jpg": {
          "success": true,
          "processing_time_ms": 2663.425124999998,
          "memory_usage_mb": 0,
          "output_files": [
            "product_clothing_white_bg.png",
            "product_clothing_white_bg.jpg",
            "product_clothing_white_bg.webp",
            "js_product_clothing_white_bg_mask.png"
          ],
          "outputs": {
            "png": "/Users/danielhauschildt/Developers/Labs/agents/projects/remove_background_prompt/tests/assets/expected/javascript_output/product_clothing_white_bg.png",
            "jpeg": "/Users/danielhauschildt/Developers/Labs/agents/projects/remove_background_prompt/tests/assets/expected/javascript_output/product_clothing_white_bg.jpg",
            "webp": "/Users/danielhauschildt/Developers/Labs/agents/projects/remove_background_prompt/tests/assets/expected/javascript_output/product_clothing_white_bg.webp",
            "mask": "/Users/danielhauschildt/Developers/Labs/agents/projects/remove_background_prompt/tests/assets/expected/masks/js_product_clothing_white_bg_mask.png"
          }
        },
        "product_electronics_gradient.jpg": {
          "success": true,
          "processing_time_ms": 2766.312957999995,
          "memory_usage_mb": 0.2089080810546875,
          "output_files": [
            "product_electronics_gradient.png",
            "product_electronics_gradient.jpg",
            "product_electronics_gradient.webp",
            "js_product_electronics_gradient_mask.png"
          ],
          "outputs": {
            "png": "/Users/danielhauschildt/Developers/Labs/agents/projects/remove_background_prompt/tests/assets/expected/javascript_output/product_electronics_gradient.png",
            "jpeg": "/Users/danielhauschildt/Developers/Labs/agents/projects/remove_background_prompt/tests/assets/expected/javascript_output/product_electronics_gradient.jpg",
            "webp": "/Users/danielhauschildt/Developers/Labs/agents/projects/remove_background_prompt/tests/assets/expected/javascript_output/product_electronics_gradient.webp",
            "mask": "/Users/danielhauschildt/Developers/Labs/agents/projects/remove_background_prompt/tests/assets/expected/masks/js_product_electronics_gradient_mask.png"
          }
        },
        "product_furniture_textured.jpg": {
          "success": true,
          "processing_time_ms": 2557.0696250000037,
          "memory_usage_mb": 0,
          "output_files": [
            "product_furniture_textured.png",
            "product_furniture_textured.jpg",
            "product_furniture_textured.webp",
            "js_product_furniture_textured_mask.png"
          ],
          "outputs": {
            "png": "/Users/danielhauschildt/Developers/Labs/agents/projects/remove_background_prompt/tests/assets/expected/javascript_output/product_furniture_textured.png",
            "jpeg": "/Users/danielhauschildt/Developers/Labs/agents/projects/remove_background_prompt/tests/assets/expected/javascript_output/product_furniture_textured.jpg",
            "webp": "/Users/danielhauschildt/Developers/Labs/agents/projects/remove_background_prompt/tests/assets/expected/javascript_output/product_furniture_textured.webp",
            "mask": "/Users/danielhauschildt/Developers/Labs/agents/projects/remove_background_prompt/tests/assets/expected/masks/js_product_furniture_textured_mask.png"
          }
        },
        "product_irregular_shape.jpg": {
          "success": true,
          "processing_time_ms": 2775.0460419999945,
          "memory_usage_mb": 0.019622802734375,
          "output_files": [
            "product_irregular_shape.png",
            "product_irregular_shape.jpg",
            "product_irregular_shape.webp",
            "js_product_irregular_shape_mask.png"
          ],
          "outputs": {
            "png": "/Users/danielhauschildt/Developers/Labs/agents/projects/remove_background_prompt/tests/assets/expected/javascript_output/product_irregular_shape.png",
            "jpeg": "/Users/danielhauschildt/Developers/Labs/agents/projects/remove_background_prompt/tests/assets/expected/javascript_output/product_irregular_shape.jpg",
            "webp": "/Users/danielhauschildt/Developers/Labs/agents/projects/remove_background_prompt/tests/assets/expected/javascript_output/product_irregular_shape.webp",
            "mask": "/Users/danielhauschildt/Developers/Labs/agents/projects/remove_background_prompt/tests/assets/expected/masks/js_product_irregular_shape_mask.png"
          }
        },
        "product_multiple_items.jpg": {
          "success": true,
          "processing_time_ms": 3021.4240409999984,
          "memory_usage_mb": 0.00020599365234375,
          "output_files": [
            "product_multiple_items.png",
            "product_multiple_items.jpg",
            "product_multiple_items.webp",
            "js_product_multiple_items_mask.png"
          ],
          "outputs": {
            "png": "/Users/danielhauschildt/Developers/Labs/agents/projects/remove_background_prompt/tests/assets/expected/javascript_output/product_multiple_items.png",
            "jpeg": "/Users/danielhauschildt/Developers/Labs/agents/projects/remove_background_prompt/tests/assets/expected/javascript_output/product_multiple_items.jpg",
            "webp": "/Users/danielhauschildt/Developers/Labs/agents/projects/remove_background_prompt/tests/assets/expected/javascript_output/product_multiple_items.webp",
            "mask": "/Users/danielhauschildt/Developers/Labs/agents/projects/remove_background_prompt/tests/assets/expected/masks/js_product_multiple_items_mask.png"
          }
        },
        "product_shadow_handling.jpg": {
          "success": true,
          "processing_time_ms": 2780.421457999997,
          "memory_usage_mb": 0.00681304931640625,
          "output_files": [
            "product_shadow_handling.png",
            "product_shadow_handling.jpg",
            "product_shadow_handling.webp",
            "js_product_shadow_handling_mask.png"
          ],
          "outputs": {
            "png": "/Users/danielhauschildt/Developers/Labs/agents/projects/remove_background_prompt/tests/assets/expected/javascript_output/product_shadow_handling.png",
            "jpeg": "/Users/danielhauschildt/Developers/Labs/agents/projects/remove_background_prompt/tests/assets/expected/javascript_output/product_shadow_handling.jpg",
            "webp": "/Users/danielhauschildt/Developers/Labs/agents/projects/remove_background_prompt/tests/assets/expected/javascript_output/product_shadow_handling.webp",
            "mask": "/Users/danielhauschildt/Developers/Labs/agents/projects/remove_background_prompt/tests/assets/expected/masks/js_product_shadow_handling_mask.png"
          }
        }
      }
    },
    "complex": {
      "processed": 6,
      "failed": 0,
      "avg_processing_time_ms": 2837.055159833332,
      "peak_memory_mb": 0.146759033203125,
      "total_processing_time": 17022.33095899999,
      "images": {
        "complex_fine_details.jpg": {
          "success": true,
          "processing_time_ms": 2898.3773749999964,
          "memory_usage_mb": 0.14276123046875,
          "output_files": [
            "complex_fine_details.png",
            "complex_fine_details.jpg",
            "complex_fine_details.webp",
            "js_complex_fine_details_mask.png"
          ],
          "outputs": {
            "png": "/Users/danielhauschildt/Developers/Labs/agents/projects/remove_background_prompt/tests/assets/expected/javascript_output/complex_fine_details.png",
            "jpeg": "/Users/danielhauschildt/Developers/Labs/agents/projects/remove_background_prompt/tests/assets/expected/javascript_output/complex_fine_details.jpg",
            "webp": "/Users/danielhauschildt/Developers/Labs/agents/projects/remove_background_prompt/tests/assets/expected/javascript_output/complex_fine_details.webp",
            "mask": "/Users/danielhauschildt/Developers/Labs/agents/projects/remove_background_prompt/tests/assets/expected/masks/js_complex_fine_details_mask.png"
          }
        },
        "complex_group_photo.jpg": {
          "success": true,
          "processing_time_ms": 2759.5655419999966,
          "memory_usage_mb": 0,
          "output_files": [
            "complex_group_photo.png",
            "complex_group_photo.jpg",
            "complex_group_photo.webp",
            "js_complex_group_photo_mask.png"
          ],
          "outputs": {
            "png": "/Users/danielhauschildt/Developers/Labs/agents/projects/remove_background_prompt/tests/assets/expected/javascript_output/complex_group_photo.png",
            "jpeg": "/Users/danielhauschildt/Developers/Labs/agents/projects/remove_background_prompt/tests/assets/expected/javascript_output/complex_group_photo.jpg",
            "webp": "/Users/danielhauschildt/Developers/Labs/agents/projects/remove_background_prompt/tests/assets/expected/javascript_output/complex_group_photo.webp",
            "mask": "/Users/danielhauschildt/Developers/Labs/agents/projects/remove_background_prompt/tests/assets/expected/masks/js_complex_group_photo_mask.png"
          }
        },
        "complex_mixed_lighting.jpg": {
          "success": true,
          "processing_time_ms": 2830.4092079999973,
          "memory_usage_mb": 0.04067230224609375,
          "output_files": [
            "complex_mixed_lighting.png",
            "complex_mixed_lighting.jpg",
            "complex_mixed_lighting.webp",
            "js_complex_mixed_lighting_mask.png"
          ],
          "outputs": {
            "png": "/Users/danielhauschildt/Developers/Labs/agents/projects/remove_background_prompt/tests/assets/expected/javascript_output/complex_mixed_lighting.png",
            "jpeg": "/Users/danielhauschildt/Developers/Labs/agents/projects/remove_background_prompt/tests/assets/expected/javascript_output/complex_mixed_lighting.jpg",
            "webp": "/Users/danielhauschildt/Developers/Labs/agents/projects/remove_background_prompt/tests/assets/expected/javascript_output/complex_mixed_lighting.webp",
            "mask": "/Users/danielhauschildt/Developers/Labs/agents/projects/remove_background_prompt/tests/assets/expected/masks/js_complex_mixed_lighting_mask.png"
          }
        },
        "complex_overlapping_objects.jpg": {
          "success": true,
          "processing_time_ms": 2687.039417,
          "memory_usage_mb": 0.146759033203125,
          "output_files": [
            "complex_overlapping_objects.png",
            "complex_overlapping_objects.jpg",
            "complex_overlapping_objects.webp",
            "js_complex_overlapping_objects_mask.png"
          ],
          "outputs": {
            "png": "/Users/danielhauschildt/Developers/Labs/agents/projects/remove_background_prompt/tests/assets/expected/javascript_output/complex_overlapping_objects.png",
            "jpeg": "/Users/danielhauschildt/Developers/Labs/agents/projects/remove_background_prompt/tests/assets/expected/javascript_output/complex_overlapping_objects.jpg",
            "webp": "/Users/danielhauschildt/Developers/Labs/agents/projects/remove_background_prompt/tests/assets/expected/javascript_output/complex_overlapping_objects.webp",
            "mask": "/Users/danielhauschildt/Developers/Labs/agents/projects/remove_background_prompt/tests/assets/expected/masks/js_complex_overlapping_objects_mask.png"
          }
        },
        "complex_pet_with_person.jpg": {
          "success": true,
          "processing_time_ms": 3124.1148749999993,
          "memory_usage_mb": 0,
          "output_files": [
            "complex_pet_with_person.png",
            "complex_pet_with_person.jpg",
            "complex_pet_with_person.webp",
            "js_complex_pet_with_person_mask.png"
          ],
          "outputs": {
            "png": "/Users/danielhauschildt/Developers/Labs/agents/projects/remove_background_prompt/tests/assets/expected/javascript_output/complex_pet_with_person.png",
            "jpeg": "/Users/danielhauschildt/Developers/Labs/agents/projects/remove_background_prompt/tests/assets/expected/javascript_output/complex_pet_with_person.jpg",
            "webp": "/Users/danielhauschildt/Developers/Labs/agents/projects/remove_background_prompt/tests/assets/expected/javascript_output/complex_pet_with_person.webp",
            "mask": "/Users/danielhauschildt/Developers/Labs/agents/projects/remove_background_prompt/tests/assets/expected/masks/js_complex_pet_with_person_mask.png"
          }
        },
        "complex_transparent_elements.jpg": {
          "success": true,
          "processing_time_ms": 2722.824542000002,
          "memory_usage_mb": 0.013946533203125,
          "output_files": [
            "complex_transparent_elements.png",
            "complex_transparent_elements.jpg",
            "complex_transparent_elements.webp",
            "js_complex_transparent_elements_mask.png"
          ],
          "outputs": {
            "png": "/Users/danielhauschildt/Developers/Labs/agents/projects/remove_background_prompt/tests/assets/expected/javascript_output/complex_transparent_elements.png",
            "jpeg": "/Users/danielhauschildt/Developers/Labs/agents/projects/remove_background_prompt/tests/assets/expected/javascript_output/complex_transparent_elements.jpg",
            "webp": "/Users/danielhauschildt/Developers/Labs/agents/projects/remove_background_prompt/tests/assets/expected/javascript_output/complex_transparent_elements.webp",
            "mask": "/Users/danielhauschildt/Developers/Labs/agents/projects/remove_background_prompt/tests/assets/expected/masks/js_complex_transparent_elements_mask.png"
          }
        }
      }
    },
    "edge_cases": {
      "processed": 7,
      "failed": 0,
      "avg_processing_time_ms": 2880.713136999999,
      "peak_memory_mb": 0.15708160400390625,
      "total_processing_time": 20164.99195899999,
      "images": {
        "edge_corrupted_data.jpg": {
          "success": true,
          "processing_time_ms": 2633.055833999999,
          "memory_usage_mb": 0.00276947021484375,
          "output_files": [
            "edge_corrupted_data.png",
            "edge_corrupted_data.jpg",
            "edge_corrupted_data.webp",
            "js_edge_corrupted_data_mask.png"
          ],
          "outputs": {
            "png": "/Users/danielhauschildt/Developers/Labs/agents/projects/remove_background_prompt/tests/assets/expected/javascript_output/edge_corrupted_data.png",
            "jpeg": "/Users/danielhauschildt/Developers/Labs/agents/projects/remove_background_prompt/tests/assets/expected/javascript_output/edge_corrupted_data.jpg",
            "webp": "/Users/danielhauschildt/Developers/Labs/agents/projects/remove_background_prompt/tests/assets/expected/javascript_output/edge_corrupted_data.webp",
            "mask": "/Users/danielhauschildt/Developers/Labs/agents/projects/remove_background_prompt/tests/assets/expected/masks/js_edge_corrupted_data_mask.png"
          }
        },
        "edge_high_contrast.jpg": {
          "success": true,
          "processing_time_ms": 2631.6541670000006,
          "memory_usage_mb": 0.09250640869140625,
          "output_files": [
            "edge_high_contrast.png",
            "edge_high_contrast.jpg",
            "edge_high_contrast.webp",
            "js_edge_high_contrast_mask.png"
          ],
          "outputs": {
            "png": "/Users/danielhauschildt/Developers/Labs/agents/projects/remove_background_prompt/tests/assets/expected/javascript_output/edge_high_contrast.png",
            "jpeg": "/Users/danielhauschildt/Developers/Labs/agents/projects/remove_background_prompt/tests/assets/expected/javascript_output/edge_high_contrast.jpg",
            "webp": "/Users/danielhauschildt/Developers/Labs/agents/projects/remove_background_prompt/tests/assets/expected/javascript_output/edge_high_contrast.webp",
            "mask": "/Users/danielhauschildt/Developers/Labs/agents/projects/remove_background_prompt/tests/assets/expected/masks/js_edge_high_contrast_mask.png"
          }
        },
        "edge_high_noise.jpg": {
          "success": true,
          "processing_time_ms": 3137.182958000005,
          "memory_usage_mb": 0,
          "output_files": [
            "edge_high_noise.png",
            "edge_high_noise.jpg",
            "edge_high_noise.webp",
            "js_edge_high_noise_mask.png"
          ],
          "outputs": {
            "png": "/Users/danielhauschildt/Developers/Labs/agents/projects/remove_background_prompt/tests/assets/expected/javascript_output/edge_high_noise.png",
            "jpeg": "/Users/danielhauschildt/Developers/Labs/agents/projects/remove_background_prompt/tests/assets/expected/javascript_output/edge_high_noise.jpg",
            "webp": "/Users/danielhauschildt/Developers/Labs/agents/projects/remove_background_prompt/tests/assets/expected/javascript_output/edge_high_noise.webp",
            "mask": "/Users/danielhauschildt/Developers/Labs/agents/projects/remove_background_prompt/tests/assets/expected/masks/js_edge_high_noise_mask.png"
          }
        },
        "edge_minimal_subject.jpg": {
          "success": true,
          "processing_time_ms": 2646.6457089999894,
          "memory_usage_mb": 0,
          "output_files": [
            "edge_minimal_subject.png",
            "edge_minimal_subject.jpg",
            "edge_minimal_subject.webp",
            "js_edge_minimal_subject_mask.png"
          ],
          "outputs": {
            "png": "/Users/danielhauschildt/Developers/Labs/agents/projects/remove_background_prompt/tests/assets/expected/javascript_output/edge_minimal_subject.png",
            "jpeg": "/Users/danielhauschildt/Developers/Labs/agents/projects/remove_background_prompt/tests/assets/expected/javascript_output/edge_minimal_subject.jpg",
            "webp": "/Users/danielhauschildt/Developers/Labs/agents/projects/remove_background_prompt/tests/assets/expected/javascript_output/edge_minimal_subject.webp",
            "mask": "/Users/danielhauschildt/Developers/Labs/agents/projects/remove_background_prompt/tests/assets/expected/masks/js_edge_minimal_subject_mask.png"
          }
        },
        "edge_similar_colors.jpg": {
          "success": true,
          "processing_time_ms": 3389.3442910000012,
          "memory_usage_mb": 0.0108642578125,
          "output_files": [
            "edge_similar_colors.png",
            "edge_similar_colors.jpg",
            "edge_similar_colors.webp",
            "js_edge_similar_colors_mask.png"
          ],
          "outputs": {
            "png": "/Users/danielhauschildt/Developers/Labs/agents/projects/remove_background_prompt/tests/assets/expected/javascript_output/edge_similar_colors.png",
            "jpeg": "/Users/danielhauschildt/Developers/Labs/agents/projects/remove_background_prompt/tests/assets/expected/javascript_output/edge_similar_colors.jpg",
            "webp": "/Users/danielhauschildt/Developers/Labs/agents/projects/remove_background_prompt/tests/assets/expected/javascript_output/edge_similar_colors.webp",
            "mask": "/Users/danielhauschildt/Developers/Labs/agents/projects/remove_background_prompt/tests/assets/expected/masks/js_edge_similar_colors_mask.png"
          }
        },
        "edge_very_large.jpg": {
          "success": true,
          "processing_time_ms": 3352.426999999996,
          "memory_usage_mb": 0.15708160400390625,
          "output_files": [
            "edge_very_large.png",
            "edge_very_large.jpg",
            "edge_very_large.webp",
            "js_edge_very_large_mask.png"
          ],
          "outputs": {
            "png": "/Users/danielhauschildt/Developers/Labs/agents/projects/remove_background_prompt/tests/assets/expected/javascript_output/edge_very_large.png",
            "jpeg": "/Users/danielhauschildt/Developers/Labs/agents/projects/remove_background_prompt/tests/assets/expected/javascript_output/edge_very_large.jpg",
            "webp": "/Users/danielhauschildt/Developers/Labs/agents/projects/remove_background_prompt/tests/assets/expected/javascript_output/edge_very_large.webp",
            "mask": "/Users/danielhauschildt/Developers/Labs/agents/projects/remove_background_prompt/tests/assets/expected/masks/js_edge_very_large_mask.png"
          }
        },
        "edge_very_small.jpg": {
          "success": true,
          "processing_time_ms": 2374.6820000000007,
          "memory_usage_mb": 0,
          "output_files": [
            "edge_very_small.png",
            "edge_very_small.jpg",
            "edge_very_small.webp",
            "js_edge_very_small_mask.png"
          ],
          "outputs": {
            "png": "/Users/danielhauschildt/Developers/Labs/agents/projects/remove_background_prompt/tests/assets/expected/javascript_output/edge_very_small.png",
            "jpeg": "/Users/danielhauschildt/Developers/Labs/agents/projects/remove_background_prompt/tests/assets/expected/javascript_output/edge_very_small.jpg",
            "webp": "/Users/danielhauschildt/Developers/Labs/agents/projects/remove_background_prompt/tests/assets/expected/javascript_output/edge_very_small.webp",
            "mask": "/Users/danielhauschildt/Developers/Labs/agents/projects/remove_background_prompt/tests/assets/expected/masks/js_edge_very_small_mask.png"
          }
        }
      }
    }
  },
  "summary": {
    "total_categories": 4,
    "total_images_processed": 30,
    "total_images_failed": 0,
    "overall_avg_time_ms": 2831.3948180666657,
    "overall_peak_memory_mb": 0.2089080810546875
  }
}